Rebuild target 'Target 1'
assembling STARTUP_M5.A51...
compiling sys.c...
compiling gpio.c...
compiling uart.c...
compiling timer.c...
compiling modbus.c...
..\source\modbus.c(41): warning C280: 'uart': unreferenced local variable
compiling i2c.c...
compiling core_json.c...
compiling TA_protocal.c...
compiling main.c...
compiling rtc.c...
compiling app_ota.c...
compiling fw_protocol.c...
compiling r11_common.c...
..\modules\r11_common.c(345): warning C275: expression with possibly no effect
compiling r11_netskinAnalyze.c...
compiling r11_n5camera.c...
compiling r11_advertise.c...
linking...
Program Size: data=90.0 xdata=47181 const=681 code=41358
creating hex file from ".\Objects\T5L51"...
User command #1: 1.bat

D:\youngwork\Template4T5L\project>cd objects 

D:\youngwork\Template4T5L\project\Objects>srec_cat.exe T5L51.hex -Intel -o T5L51.bin -Binary  

D:\youngwork\Template4T5L\project\Objects>echo.

".\Objects\T5L51" - 0 Error(s), 2 Warning(s).
Build Time Elapsed:  00:00:02
